
> merchy-frontend@1.0.0 build
> react-scripts build

npm : (node:14648) [DEP0176] DeprecationWarning: fs.F_OK is deprecated, use fs.constants.F_OK instead
At line:2 char:1
+ npm run build *> build_output.txt; if (Test-Path build_output.txt) {  ...
+ ~~~~~~~~~~~~~~~~~~~~~~~~~~~~~~~~~
    + CategoryInfo          : NotSpecified: ((node:14648) [D...ts.F_OK instead:String) [], RemoteException
    + FullyQualifiedErrorId : NativeCommandError
 
(Use `node --trace-deprecation ...` to show where the warning was created)
Creating an optimized production build...
